Microchip MPLAB XC8 Compiler V2.00 ()

Linker command line:

-W-3 --edf=C:\Program Files (x86)\Microchip\xc8\v2.00\pic\dat\en_msgs.txt \
  -cs -h+dist/default/debug\LoadCell.X.debug.sym \
  --cmf=dist/default/debug\LoadCell.X.debug.cmf -z -Q16F877A \
  -oC:\Users\sabdulqa\AppData\Local\Temp\semo.2 \
  -Mdist/default/debug/LoadCell.X.debug.map -E1 -ver=XC8 --acfsm=1493 \
  -ASTACK=0110h-016fh -pstack=STACK -ACODE=00h-07FFhx4 -ASTRCODE=00h-01FFFh \
  -ASTRING=00h-0FFhx32 -ACONST=00h-0FFhx32 -AENTRY=00h-0FFhx32 \
  -ACOMMON=070h-07Fh -ABANK0=020h-06Fh -ABANK1=0A0h-0EFh \
  -ABANK2=0110h-016Fh -ABANK3=0190h-01EFh \
  -ARAM=020h-06Fh,0A0h-0EFh,0110h-016Fh,0190h-01EFh \
  -AABS1=020h-07Fh,0A0h-0EFh,0110h-016Fh,0190h-01EFh -ASFR0=00h-01Fh \
  -ASFR1=080h-09Fh -ASFR2=0100h-010Fh -ASFR3=0180h-018Fh \
  -preset_vec=00h,intentry,init,end_init -ppowerup=CODE -pcinit=CODE \
  -pfunctab=ENTRY -ACONFIG=02007h-02007h -pconfig=CONFIG -DCONFIG=2 \
  -AIDLOC=02000h-02003h -pidloc=IDLOC -DIDLOC=2 -AEEDATA=00h-0FFh/02100h \
  -peeprom_data=EEDATA -DEEDATA=2 -DCODE=2 -DSTRCODE=2 -DSTRING=2 -DCONST=2 \
  -DENTRY=2 -k C:\Users\sabdulqa\AppData\Local\Temp\semo.o \
  dist/default/debug\LoadCell.X.debug.o 

Object code version is 3.11

Machine type is 16F877A



                Name                               Link     Load   Length Selector   Space Scale
C:\Users\sabdulqa\AppData\Local\Temp\semo.o
                end_init                              0        0        3        0       0
                config                             2007     2007        1     400E       0
dist/default/debug\LoadCell.X.debug.o
                cinit                               7EE      7EE       12      FDC       0
                text9                               3FE      3FE       16      7FC       0
                text8                               500      500       5E      A00       0
                text7                               55E      55E       8D      ABC       0
                text6                               5EB      5EB       8D      BD6       0
                text5                               414      414       21      828       0
                text4                               46C      46C       3D      8D8       0
                text3                               4A9      4A9       57      952       0
                text2                               678      678       A4      CF0       0
                text1                               435      435       37      86A       0
                maintext                            71C      71C       D2      E38       0
                cstackBANK0                          28       28        3       20       1
                cstackCOMMON                         70       70        E       70       1
                dataBANK0                            2B       2B        1       20       1
                bssBANK0                             20       20        8       20       1
                strings                               3        3       17        6       0
                idataBANK0                          3FD      3FD        1      7FA       0

TOTAL           Name                               Link     Load   Length     Space
        CLASS   STACK          

        CLASS   CODE           
                end_init                              0        0        3         0
                cinit                               7EE      7EE       12         0
                text9                               3FE      3FE       16         0
                text8                               500      500       5E         0
                text7                               55E      55E       8D         0
                text6                               5EB      5EB       8D         0
                text5                               414      414       21         0
                text4                               46C      46C       3D         0
                text3                               4A9      4A9       57         0
                text2                               678      678       A4         0
                text1                               435      435       37         0
                maintext                            71C      71C       D2         0
                idataBANK0                          3FD      3FD        1         0

        CLASS   STRCODE        

        CLASS   STRING         
                strings                               3        3       17         0

        CLASS   CONST          

        CLASS   ENTRY          

        CLASS   COMMON         
                cstackCOMMON                         70       70        E         1

        CLASS   BANK0          
                cstackBANK0                          28       28        3         1
                dataBANK0                            2B       2B        1         1
                bssBANK0                             20       20        8         1

        CLASS   BANK1          

        CLASS   BANK2          

        CLASS   BANK3          

        CLASS   RAM            

        CLASS   ABS1           
                abs_s1                               7E       7E        2         1

        CLASS   SFR0           

        CLASS   SFR1           

        CLASS   SFR2           

        CLASS   SFR3           

        CLASS   CONFIG         
                config                             2007     2007        1         0

        CLASS   IDLOC          

        CLASS   EEDATA         



SEGMENTS        Name                           Load    Length   Top    Selector   Space  Class     Delta

                reset_vec                      000000  000003  000003         0       0  CODE        2
                strings                        000003  000017  00001A         6       0  STRING      2
                bssBANK0                       000020  00000C  00002C        20       1  BANK0       1
                cstackCOMMON                   000070  00000E  00007E        70       1  COMMON      1
                idataBANK0                     0003FD  000001  0003FE       7FA       0  CODE        2
                text9                          0003FE  000016  000414       7FC       0  CODE        2
                text5                          000414  000021  000435       828       0  CODE        2
                text1                          000435  000037  00046C       86A       0  CODE        2
                text4                          00046C  00003D  0004A9       8D8       0  CODE        2
                text3                          0004A9  000057  000500       952       0  CODE        2
                text8                          000500  00005E  00055E       A00       0  CODE        2
                text7                          00055E  00008D  0005EB       ABC       0  CODE        2
                text6                          0005EB  00008D  000678       BD6       0  CODE        2
                text2                          000678  0000A4  00071C       CF0       0  CODE        2
                maintext                       00071C  0000D2  0007EE       E38       0  CODE        2
                cinit                          0007EE  000012  000800       FDC       0  CODE        2
                config                         002007  000001  002008      400E       0  CONFIG      2


UNUSED ADDRESS RANGES

        Name                Unused          Largest block    Delta
        BANK0            002C-006F             44           1
        BANK1            00A0-00EF             50           1
        BANK2            0110-016F             60           1
        BANK3            0190-01EF             60           1
        CODE             001A-03FC            3E3           2
                         0800-1FFF            800
        CONST            001A-03FC            100           2
                         0800-1FFF            100
        EEDATA           2100-21FF            100           2
        ENTRY            001A-03FC            100           2
                         0800-1FFF            100
        IDLOC            2000-2003              4           2
        RAM              002C-006F             44           1
                         00A0-00EF             50
                         0110-016F             60
                         0190-01EF             60
        SFR0             0000-001F             20           1
        SFR1             0080-009F             20           1
        SFR2             0100-010F             10           1
        SFR3             0180-018F             10           1
        STACK            0110-016F             60           1
        STRCODE          001A-03FC            3E3           2
                         0800-1FFF           1800
        STRING           001A-03FC            100           2
                         0800-1FFF            100

                                  Symbol Table

LCD_goto@address                  cstackCOMMON 007B
LCD_goto@x                        cstackCOMMON 007A
LCD_goto@y                        cstackCOMMON 0077
LCD_write_byte@address            cstackCOMMON 0076
LCD_write_byte@n                  cstackCOMMON 0074
LCD_write_string@str              cstackCOMMON 0075
_ACKDT                            (abs)        048D
_ACKEN                            (abs)        048C
_LCD_BL_Status                    dataBANK0    002B
_LCD_close                        text9        03FE
_LCD_goto                         text4        046C
_LCD_init                         text2        0678
_LCD_open                         text3        04A9
_LCD_write_byte                   text5        0414
_LCD_write_string                 text1        0435
_OPTION_REGbits                   (abs)        0081
_PEN                              (abs)        048A
_PORTBbits                        (abs)        0006
_PORTD                            (abs)        0008
_RCEN                             (abs)        048B
_RSEN                             (abs)        0489
_SEN                              (abs)        0488
_SSPADD                           (abs)        0093
_SSPBUF                           (abs)        0013
_SSPCON                           (abs)        0014
_SSPCON2                          (abs)        0091
_SSPCON2bits                      (abs)        0091
_SSPSTAT                          (abs)        0094
_SSPSTATbits                      (abs)        0094
_TRISB                            (abs)        0086
_TRISC3                           (abs)        043B
_TRISC4                           (abs)        043C
_TRISD                            (abs)        0088
__CFG_BOREN$OFF                   (abs)        0000
__CFG_CP$OFF                      (abs)        0000
__CFG_CPD$OFF                     (abs)        0000
__CFG_FOSC$XT                     (abs)        0000
__CFG_LVP$OFF                     (abs)        0000
__CFG_PWRTE$OFF                   (abs)        0000
__CFG_WDTE$OFF                    (abs)        0000
__CFG_WRT$OFF                     (abs)        0000
__Habs1                           abs1         0000
__Hbank0                          bank0        0000
__Hbank1                          bank1        0000
__Hbank2                          bank2        0000
__Hbank3                          bank3        0000
__HbssBANK0                       bssBANK0     0000
__Hcinit                          cinit        0800
__Hclrtext                        clrtext      0000
__Hcode                           code         0000
__Hcommon                         common       0000
__Hconfig                         config       2008
__HcstackBANK0                    cstackBANK0  0000
__HcstackCOMMON                   cstackCOMMON 0000
__HdataBANK0                      dataBANK0    0000
__Heeprom_data                    eeprom_data  0000
__Hend_init                       end_init     0003
__Hfunctab                        functab      0000
__HidataBANK0                     idataBANK0   0000
__Hidloc                          idloc        0000
__Hinit                           init         0000
__Hintentry                       intentry     0000
__Hmaintext                       maintext     0000
__Hpowerup                        powerup      0000
__Hram                            ram          0000
__Hreset_vec                      reset_vec    0000
__Hsfr0                           sfr0         0000
__Hsfr1                           sfr1         0000
__Hsfr2                           sfr2         0000
__Hsfr3                           sfr3         0000
__Hspace_0                        (abs)        2008
__Hspace_1                        (abs)        007E
__Hspace_2                        (abs)        0000
__Hspace_3                        (abs)        0000
__Hstack                          stack        0000
__Hstrings                        strings      0000
__Htext                           text         0000
__LCD_build_byte                  text8        0500
__LCD_build_byte@ret              cstackCOMMON 0072
__LCD_write_lower_nibble          text7        055E
__LCD_write_lower_nibble@l        cstackCOMMON 0073
__LCD_write_upper_nibble          text6        05EB
__LCD_write_upper_nibble@u        cstackCOMMON 0073
__Labs1                           abs1         0000
__Lbank0                          bank0        0000
__Lbank1                          bank1        0000
__Lbank2                          bank2        0000
__Lbank3                          bank3        0000
__LbssBANK0                       bssBANK0     0000
__Lcinit                          cinit        07EE
__Lclrtext                        clrtext      0000
__Lcode                           code         0000
__Lcommon                         common       0000
__Lconfig                         config       2007
__LcstackBANK0                    cstackBANK0  0000
__LcstackCOMMON                   cstackCOMMON 0000
__LdataBANK0                      dataBANK0    0000
__Leeprom_data                    eeprom_data  0000
__Lend_init                       end_init     0000
__Lfunctab                        functab      0000
__LidataBANK0                     idataBANK0   0000
__Lidloc                          idloc        0000
__Linit                           init         0000
__Lintentry                       intentry     0000
__Lmaintext                       maintext     0000
__Lpowerup                        powerup      0000
__Lram                            ram          0000
__Lreset_vec                      reset_vec    0000
__Lsfr0                           sfr0         0000
__Lsfr1                           sfr1         0000
__Lsfr2                           sfr2         0000
__Lsfr3                           sfr3         0000
__Lspace_0                        (abs)        0000
__Lspace_1                        (abs)        0000
__Lspace_2                        (abs)        0000
__Lspace_3                        (abs)        0000
__Lstack                          stack        0000
__Lstrings                        strings      0000
__Ltext                           text         0000
__S0                              (abs)        2008
__S1                              (abs)        007E
__S2                              (abs)        0000
__S3                              (abs)        0000
___int_sp                         stack        0000
___latbits                        (abs)        0002
___sp                             stack        0000
__end_of_LCD_close                text9        0414
__end_of_LCD_goto                 text4        04A9
__end_of_LCD_init                 text2        071C
__end_of_LCD_open                 text3        0500
__end_of_LCD_write_byte           text5        0435
__end_of_LCD_write_string         text1        046C
__end_of__LCD_build_byte          text8        055E
__end_of__LCD_write_lower_nibble  text7        05EB
__end_of__LCD_write_upper_nibble  text6        0678
__end_of__initialization          cinit        07FC
__end_of__stringtab               strings      0009
__end_of_main                     maintext     07EE
__initialization                  cinit        07EE
__pbssBANK0                       bssBANK0     0020
__pcstackBANK0                    cstackBANK0  0028
__pcstackCOMMON                   cstackCOMMON 0070
__pdataBANK0                      dataBANK0    002B
__pidataBANK0                     idataBANK0   03FD
__pmaintext                       maintext     071C
__pstrings                        strings      0003
__ptext1                          text1        0435
__ptext2                          text2        0678
__ptext3                          text3        04A9
__ptext4                          text4        046C
__ptext5                          text5        0414
__ptext6                          text6        05EB
__ptext7                          text7        055E
__ptext8                          text8        0500
__ptext9                          text9        03FE
__size_of_LCD_close               (abs)        0000
__size_of_LCD_goto                (abs)        0000
__size_of_LCD_init                (abs)        0000
__size_of_LCD_open                (abs)        0000
__size_of_LCD_write_byte          (abs)        0000
__size_of_LCD_write_string        (abs)        0000
__size_of__LCD_build_byte         (abs)        0000
__size_of__LCD_write_lower_nibble (abs)        0000
__size_of__LCD_write_upper_nibble (abs)        0000
__size_of_main                    (abs)        0000
__stringbase                      strings      0008
__stringtab                       strings      0003
_main                             maintext     071C
_pin_BL                           bssBANK0     0020
_pin_D4                           bssBANK0     0024
_pin_D5                           bssBANK0     0023
_pin_D6                           bssBANK0     0022
_pin_D7                           bssBANK0     0021
_pin_E                            bssBANK0     0027
_pin_RS                           bssBANK0     0025
_pin_RW                           bssBANK0     0026
btemp                             (abs)        007E
end_of_initialization             cinit        07FC
intlevel0                         functab      0000
intlevel1                         functab      0000
intlevel2                         functab      0000
intlevel3                         functab      0000
intlevel4                         functab      0000
intlevel5                         functab      0000
main@m                            cstackCOMMON 007C
main@portValue                    cstackCOMMON 007D
reset_vec                         reset_vec    0000
stackhi                           (abs)        0000
stacklo                           (abs)        0000
start                             init         0000
start_initialization              cinit        07EE
wtemp0                            (abs)        007E


FUNCTION INFORMATION:

 *************** function _main *****************
 Defined at:
		line 64 in file "main.c"
 Parameters:    Size  Location     Type
		None
 Auto vars:     Size  Location     Type
  portValue       1   13[COMMON] unsigned char 
  m               1   12[COMMON] unsigned char 
 Return value:  Size  Location     Type
                  1    wreg      void 
 Registers used:
		wreg, fsr0l, fsr0h, status,2, status,0, pclath, cstack
 Tracked objects:
		On entry : 
		On exit  : 
		Unchanged: 
 Data sizes:     COMMON   BANK0   BANK1   BANK3   BANK2
      Params:         0       0       0       0       0
      Locals:         2       0       0       0       0
      Temps:          0       3       0       0       0
      Totals:         2       3       0       0       0
Total ram usage:        5 bytes
 Hardware stack levels required when called:    4
 This function calls:
		_LCD_close
		_LCD_goto
		_LCD_init
		_LCD_open
		_LCD_write_string
 This function is called by:
		Startup code after reset
 This function uses a non-reentrant model


 *************** function _LCD_write_string *****************
 Defined at:
		line 95 in file "LCD_I2C.c"
 Parameters:    Size  Location     Type
  str             1    wreg     PTR const unsigned char 
		 -> STR_2(2), STR_1(15), 
 Auto vars:     Size  Location     Type
  str             1    5[COMMON] PTR const unsigned char 
		 -> STR_2(2), STR_1(15), 
 Return value:  Size  Location     Type
                  1    wreg      void 
 Registers used:
		wreg, fsr0l, fsr0h, status,2, status,0, pclath, cstack
 Tracked objects:
		On entry : 
		On exit  : 
		Unchanged: 
 Data sizes:     COMMON   BANK0   BANK1   BANK3   BANK2
      Params:         0       0       0       0       0
      Locals:         1       0       0       0       0
      Temps:          1       0       0       0       0
      Totals:         2       0       0       0       0
Total ram usage:        2 bytes
 Hardware stack levels used:    1
 Hardware stack levels required when called:    2
 This function calls:
		__LCD_write_lower_nibble
		__LCD_write_upper_nibble
 This function is called by:
		_main
		_LCD_clear_line
 This function uses a non-reentrant model


 *************** function _LCD_init *****************
 Defined at:
		line 32 in file "LCD_I2C.c"
 Parameters:    Size  Location     Type
		None
 Auto vars:     Size  Location     Type
		None
 Return value:  Size  Location     Type
                  1    wreg      void 
 Registers used:
		wreg, status,2, status,0, pclath, cstack
 Tracked objects:
		On entry : 
		On exit  : 
		Unchanged: 
 Data sizes:     COMMON   BANK0   BANK1   BANK3   BANK2
      Params:         0       0       0       0       0
      Locals:         0       0       0       0       0
      Temps:          2       0       0       0       0
      Totals:         2       0       0       0       0
Total ram usage:        2 bytes
 Hardware stack levels used:    1
 Hardware stack levels required when called:    3
 This function calls:
		_LCD_open
		_LCD_write_byte
 This function is called by:
		_main
 This function uses a non-reentrant model


 *************** function _LCD_open *****************
 Defined at:
		line 15 in file "LCD_I2C.c"
 Parameters:    Size  Location     Type
		None
 Auto vars:     Size  Location     Type
		None
 Return value:  Size  Location     Type
                  1    wreg      void 
 Registers used:
		wreg, status,2, status,0
 Tracked objects:
		On entry : 
		On exit  : 
		Unchanged: 
 Data sizes:     COMMON   BANK0   BANK1   BANK3   BANK2
      Params:         0       0       0       0       0
      Locals:         0       0       0       0       0
      Temps:          1       0       0       0       0
      Totals:         1       0       0       0       0
Total ram usage:        1 bytes
 Hardware stack levels used:    1
 This function calls:
		Nothing
 This function is called by:
		_main
		_LCD_init
 This function uses a non-reentrant model


 *************** function _LCD_goto *****************
 Defined at:
		line 64 in file "LCD_I2C.c"
 Parameters:    Size  Location     Type
  x               1    wreg     unsigned char 
  y               1    7[COMMON] unsigned char 
 Auto vars:     Size  Location     Type
  x               1   10[COMMON] unsigned char 
  address         1   11[COMMON] unsigned char 
 Return value:  Size  Location     Type
                  1    wreg      void 
 Registers used:
		wreg, fsr0l, fsr0h, status,2, status,0, pclath, cstack
 Tracked objects:
		On entry : 
		On exit  : 
		Unchanged: 
 Data sizes:     COMMON   BANK0   BANK1   BANK3   BANK2
      Params:         1       0       0       0       0
      Locals:         2       0       0       0       0
      Temps:          2       0       0       0       0
      Totals:         5       0       0       0       0
Total ram usage:        5 bytes
 Hardware stack levels used:    1
 Hardware stack levels required when called:    3
 This function calls:
		_LCD_write_byte
 This function is called by:
		_main
		_LCD_clear_line
 This function uses a non-reentrant model


 *************** function _LCD_write_byte *****************
 Defined at:
		line 114 in file "LCD_I2C.c"
 Parameters:    Size  Location     Type
  address         1    wreg     unsigned char 
  n               1    4[COMMON] unsigned char 
 Auto vars:     Size  Location     Type
  address         1    6[COMMON] unsigned char 
 Return value:  Size  Location     Type
                  1    wreg      void 
 Registers used:
		wreg, status,2, status,0, pclath, cstack
 Tracked objects:
		On entry : 
		On exit  : 
		Unchanged: 
 Data sizes:     COMMON   BANK0   BANK1   BANK3   BANK2
      Params:         1       0       0       0       0
      Locals:         1       0       0       0       0
      Temps:          1       0       0       0       0
      Totals:         3       0       0       0       0
Total ram usage:        3 bytes
 Hardware stack levels used:    1
 Hardware stack levels required when called:    2
 This function calls:
		__LCD_write_lower_nibble
		__LCD_write_upper_nibble
 This function is called by:
		_LCD_init
		_LCD_goto
		_LCD_BL
		_LCD_clear
 This function uses a non-reentrant model


 *************** function __LCD_write_upper_nibble *****************
 Defined at:
		line 152 in file "LCD_I2C.c"
 Parameters:    Size  Location     Type
  u               1    wreg     unsigned char 
 Auto vars:     Size  Location     Type
  u               1    3[COMMON] unsigned char 
 Return value:  Size  Location     Type
                  1    wreg      void 
 Registers used:
		wreg, status,2, status,0, pclath, cstack
 Tracked objects:
		On entry : 
		On exit  : 
		Unchanged: 
 Data sizes:     COMMON   BANK0   BANK1   BANK3   BANK2
      Params:         0       0       0       0       0
      Locals:         1       0       0       0       0
      Temps:          0       0       0       0       0
      Totals:         1       0       0       0       0
Total ram usage:        1 bytes
 Hardware stack levels used:    1
 Hardware stack levels required when called:    1
 This function calls:
		__LCD_build_byte
 This function is called by:
		_LCD_write_string
		_LCD_write_byte
 This function uses a non-reentrant model


 *************** function __LCD_write_lower_nibble *****************
 Defined at:
		line 183 in file "LCD_I2C.c"
 Parameters:    Size  Location     Type
  l               1    wreg     unsigned char 
 Auto vars:     Size  Location     Type
  l               1    3[COMMON] unsigned char 
 Return value:  Size  Location     Type
                  1    wreg      void 
 Registers used:
		wreg, status,2, status,0, pclath, cstack
 Tracked objects:
		On entry : 
		On exit  : 
		Unchanged: 
 Data sizes:     COMMON   BANK0   BANK1   BANK3   BANK2
      Params:         0       0       0       0       0
      Locals:         1       0       0       0       0
      Temps:          0       0       0       0       0
      Totals:         1       0       0       0       0
Total ram usage:        1 bytes
 Hardware stack levels used:    1
 Hardware stack levels required when called:    1
 This function calls:
		__LCD_build_byte
 This function is called by:
		_LCD_write_string
		_LCD_write_byte
 This function uses a non-reentrant model


 *************** function __LCD_build_byte *****************
 Defined at:
		line 214 in file "LCD_I2C.c"
 Parameters:    Size  Location     Type
		None
 Auto vars:     Size  Location     Type
  ret             1    2[COMMON] unsigned char 
 Return value:  Size  Location     Type
                  1    wreg      unsigned char 
 Registers used:
		wreg, status,2, status,0
 Tracked objects:
		On entry : 
		On exit  : 
		Unchanged: 
 Data sizes:     COMMON   BANK0   BANK1   BANK3   BANK2
      Params:         0       0       0       0       0
      Locals:         1       0       0       0       0
      Temps:          2       0       0       0       0
      Totals:         3       0       0       0       0
Total ram usage:        3 bytes
 Hardware stack levels used:    1
 This function calls:
		Nothing
 This function is called by:
		__LCD_write_upper_nibble
		__LCD_write_lower_nibble
 This function uses a non-reentrant model


 *************** function _LCD_close *****************
 Defined at:
		line 26 in file "LCD_I2C.c"
 Parameters:    Size  Location     Type
		None
 Auto vars:     Size  Location     Type
		None
 Return value:  Size  Location     Type
                  1    wreg      void 
 Registers used:
		wreg, status,2, status,0
 Tracked objects:
		On entry : 
		On exit  : 
		Unchanged: 
 Data sizes:     COMMON   BANK0   BANK1   BANK3   BANK2
      Params:         0       0       0       0       0
      Locals:         0       0       0       0       0
      Temps:          1       0       0       0       0
      Totals:         1       0       0       0       0
Total ram usage:        1 bytes
 Hardware stack levels used:    1
 This function calls:
		Nothing
 This function is called by:
		_main
 This function uses a non-reentrant model



MODULE INFORMATION

Module		Function		Class		Link	Load	Size
shared
		__stringtab    		STRING         	0003	0000	7
		__initialization		CODE           	07EE	0000	15

shared estimated size: 22

LCD_I2C.c
		_LCD_goto      		CODE           	046C	0000	62
		__LCD_write_upper_nibble		CODE           	05EB	0000	142
		__LCD_write_lower_nibble		CODE           	055E	0000	142
		_LCD_write_string		CODE           	0435	0000	56
		_LCD_open      		CODE           	04A9	0000	88
		_LCD_init      		CODE           	0678	0000	165
		__LCD_build_byte		CODE           	0500	0000	95
		_LCD_write_byte		CODE           	0414	0000	34
		_LCD_close     		CODE           	03FE	0000	23

LCD_I2C.c estimated size: 807

main.c
		_main          		CODE           	071C	0000	211

main.c estimated size: 211

